Copyright 1986-2022 Xilinx, Inc. All Rights Reserved.
----------------------------------------------------------------------------------------
| Tool Version : Vivado v.2022.2 (lin64) Build 3671981 Fri Oct 14 04:59:54 MDT 2022
| Date         : Wed May 28 14:25:40 2025
| Host         : lc35648-VirtualBox running 64-bit Ubuntu 24.04.2 LTS
| Command      : report_clock_utilization -file system_top_clock_utilization_routed.rpt
| Design       : system_top
| Device       : 7z020-clg484
| Speed File   : -1  PRODUCTION 1.12 2019-11-22
| Design State : Routed
----------------------------------------------------------------------------------------

Clock Utilization Report

Table of Contents
-----------------
1. Clock Primitive Utilization
2. Global Clock Resources
3. Global Clock Source Details
4. Clock Regions: Key Resource Utilization
5. Clock Regions : Global Clock Summary
6. Device Cell Placement Summary for Global Clock g0
7. Device Cell Placement Summary for Global Clock g1
8. Device Cell Placement Summary for Global Clock g2
9. Device Cell Placement Summary for Global Clock g3
10. Device Cell Placement Summary for Global Clock g4
11. Device Cell Placement Summary for Global Clock g5
12. Device Cell Placement Summary for Global Clock g6
13. Device Cell Placement Summary for Global Clock g7
14. Device Cell Placement Summary for Global Clock g8
15. Clock Region Cell Placement per Global Clock: Region X0Y0
16. Clock Region Cell Placement per Global Clock: Region X1Y0
17. Clock Region Cell Placement per Global Clock: Region X0Y1
18. Clock Region Cell Placement per Global Clock: Region X1Y1
19. Clock Region Cell Placement per Global Clock: Region X0Y2
20. Clock Region Cell Placement per Global Clock: Region X1Y2

1. Clock Primitive Utilization
------------------------------

+----------+------+-----------+-----+--------------+--------+
| Type     | Used | Available | LOC | Clock Region | Pblock |
+----------+------+-----------+-----+--------------+--------+
| BUFGCTRL |    7 |        32 |   0 |            0 |      0 |
| BUFH     |    0 |        72 |   0 |            0 |      0 |
| BUFIO    |    0 |        16 |   0 |            0 |      0 |
| BUFMR    |    0 |         8 |   0 |            0 |      0 |
| BUFR     |    2 |        16 |   0 |            0 |      0 |
| MMCM     |    2 |         4 |   0 |            0 |      0 |
| PLL      |    0 |         4 |   0 |            0 |      0 |
+----------+------+-----------+-----+--------------+--------+


2. Global Clock Resources
-------------------------

+-----------+-----------+-----------------+------------+----------------+--------------+-------------------+-------------+-----------------+--------------+------------------------------------+----------------------------------------------------------------------------+-------------------------------------------------------------------------+
| Global Id | Source Id | Driver Type/Pin | Constraint | Site           | Clock Region | Load Clock Region | Clock Loads | Non-Clock Loads | Clock Period | Clock                              | Driver Pin                                                                 | Net                                                                     |
+-----------+-----------+-----------------+------------+----------------+--------------+-------------------+-------------+-----------------+--------------+------------------------------------+----------------------------------------------------------------------------+-------------------------------------------------------------------------+
| g0        | src0      | BUFG/O          | None       | BUFGCTRL_X0Y16 | n/a          |                 6 |       11453 |               0 |       10.000 | clk_fpga_0                         | i_system_wrapper/system_i/sys_ps7/inst/buffer_fclk_clk_0.FCLK_CLK_0_BUFG/O | i_system_wrapper/system_i/sys_ps7/inst/FCLK_CLK0                        |
| g1        | src1      | BUFG/O          | None       | BUFGCTRL_X0Y17 | n/a          |                 6 |        8616 |               2 |        4.000 | rx_clk                             | i_system_wrapper/system_i/axi_ad9361/inst/i_dev_if/i_clk/i_clk_gbuf/O      | i_system_wrapper/system_i/axi_ad9361/inst/i_dev_if/i_clk/clk            |
| g2        | src2      | BUFG/O          | None       | BUFGCTRL_X0Y0  | n/a          |                 2 |         613 |               0 |        6.735 | mmcm_clk_0_s                       | i_system_wrapper/system_i/axi_hdmi_clkgen/inst/i_mmcm_drp/i_clk_0_bufg/O   | i_system_wrapper/system_i/axi_hdmi_clkgen/inst/i_mmcm_drp/clk_0         |
| g3        | src3      | BUFGCTRL/O      | None       | BUFGCTRL_X0Y19 | n/a          |                 3 |         605 |               0 |        8.000 | clk_div_sel_0_s                    | i_system_wrapper/system_i/util_ad9361_divclk/inst/i_div_clk_gbuf/O         | i_system_wrapper/system_i/util_ad9361_divclk/inst/clk_out               |
| g3        | src4      | BUFGCTRL/O      | None       | BUFGCTRL_X0Y19 | n/a          |                 3 |         605 |               0 |        8.000 | clk_div_sel_1_s                    | i_system_wrapper/system_i/util_ad9361_divclk/inst/i_div_clk_gbuf/O         | i_system_wrapper/system_i/util_ad9361_divclk/inst/clk_out               |
| g4        | src5      | BUFG/O          | None       | BUFGCTRL_X0Y1  | n/a          |                 2 |          28 |               1 |       81.380 | clk_out1_system_sys_audio_clkgen_0 | i_system_wrapper/system_i/sys_audio_clkgen/inst/clkout1_buf/O              | i_system_wrapper/system_i/sys_audio_clkgen/inst/clk_out1                |
| g5        | src6      | BUFG/O          | None       | BUFGCTRL_X0Y18 | n/a          |                 3 |           8 |               0 |        5.000 | clk_fpga_1                         | i_system_wrapper/system_i/sys_ps7/inst/buffer_fclk_clk_1.FCLK_CLK_1_BUFG/O | i_system_wrapper/system_i/sys_ps7/inst/FCLK_CLK1                        |
| g6        | src7      | BUFG/O          | None       | BUFGCTRL_X0Y2  | n/a          |                 1 |           1 |               0 |       55.000 | mmcm_fb_clk_s                      | i_system_wrapper/system_i/axi_hdmi_clkgen/inst/i_mmcm_drp/i_fb_clk_bufg/O  | i_system_wrapper/system_i/axi_hdmi_clkgen/inst/i_mmcm_drp/bufg_fb_clk_s |
| g7        | src1      | BUFR/O          | None       | BUFR_X1Y9      | X1Y2         |                 1 |           1 |               0 |       16.000 | clk_div_sel_0_s                    | i_system_wrapper/system_i/util_ad9361_divclk/inst/clk_divide_sel_0/O       | i_system_wrapper/system_i/util_ad9361_divclk/inst/clk_div_sel_0_s       |
| g8        | src1      | BUFR/O          | None       | BUFR_X1Y8      | X1Y2         |                 1 |           1 |               0 |        8.000 | clk_div_sel_1_s                    | i_system_wrapper/system_i/util_ad9361_divclk/inst/clk_divide_sel_1/O       | i_system_wrapper/system_i/util_ad9361_divclk/inst/clk_div_sel_1_s       |
+-----------+-----------+-----------------+------------+----------------+--------------+-------------------+-------------+-----------------+--------------+------------------------------------+----------------------------------------------------------------------------+-------------------------------------------------------------------------+
* Clock Loads column represents cell count of net connects that connect to a clock pin. Internal cell leaf pins are not considered
** Non-Clock Loads column represents cell count of non-clock pin loads


3. Global Clock Source Details
------------------------------

+-----------+-----------+---------------------+------------+-----------------+--------------+-------------+-----------------+---------------------+------------------------------------+---------------------------------------------------------------------------+------------------------------------------------------------------------------------+
| Source Id | Global Id | Driver Type/Pin     | Constraint | Site            | Clock Region | Clock Loads | Non-Clock Loads | Source Clock Period | Source Clock                       | Driver Pin                                                                | Net                                                                                |
+-----------+-----------+---------------------+------------+-----------------+--------------+-------------+-----------------+---------------------+------------------------------------+---------------------------------------------------------------------------+------------------------------------------------------------------------------------+
| src0      | g0        | PS7/FCLKCLK[0]      | PS7_X0Y0   | PS7_X0Y0        | X0Y2         |           1 |               0 |              10.000 | clk_fpga_0                         | i_system_wrapper/system_i/sys_ps7/inst/PS7_i/FCLKCLK[0]                   | i_system_wrapper/system_i/sys_ps7/inst/FCLK_CLK_unbuffered[0]                      |
| src1      | g1        | IBUFDS/O            | IOB_X1Y74  | IOB_X1Y74       | X1Y1         |           1 |               0 |               4.000 | rx_clk                             | i_system_wrapper/system_i/axi_ad9361/inst/i_dev_if/i_clk/i_rx_clk_ibuf/O  | i_system_wrapper/system_i/axi_ad9361/inst/i_dev_if/i_clk/clk_ibuf_s                |
| src1      | g7        | BUFG/O              | None       | BUFGCTRL_X0Y17  | n/a          |        8618 |               0 |               4.000 | rx_clk                             | i_system_wrapper/system_i/axi_ad9361/inst/i_dev_if/i_clk/i_clk_gbuf/O     | i_system_wrapper/system_i/axi_ad9361/inst/i_dev_if/i_clk/clk                       |
| src1      | g8        | BUFG/O              | None       | BUFGCTRL_X0Y17  | n/a          |        8618 |               0 |               4.000 | rx_clk                             | i_system_wrapper/system_i/axi_ad9361/inst/i_dev_if/i_clk/i_clk_gbuf/O     | i_system_wrapper/system_i/axi_ad9361/inst/i_dev_if/i_clk/clk                       |
| src2      | g2        | MMCME2_ADV/CLKOUT0  | None       | MMCME2_ADV_X0Y0 | X0Y0         |           1 |               0 |               6.735 | mmcm_clk_0_s                       | i_system_wrapper/system_i/axi_hdmi_clkgen/inst/i_mmcm_drp/i_mmcm/CLKOUT0  | i_system_wrapper/system_i/axi_hdmi_clkgen/inst/i_mmcm_drp/mmcm_clk_0_s             |
| src3      | g3        | BUFR/O              | None       | BUFR_X1Y9       | X1Y2         |           1 |               0 |              16.000 | clk_div_sel_0_s                    | i_system_wrapper/system_i/util_ad9361_divclk/inst/clk_divide_sel_0/O      | i_system_wrapper/system_i/util_ad9361_divclk/inst/clk_div_sel_0_s                  |
| src4      | g3        | BUFR/O              | None       | BUFR_X1Y8       | X1Y2         |           0 |               0 |               8.000 | clk_div_sel_1_s                    | i_system_wrapper/system_i/util_ad9361_divclk/inst/clk_divide_sel_1/O      | i_system_wrapper/system_i/util_ad9361_divclk/inst/clk_div_sel_1_s                  |
| src5      | g4        | MMCME2_ADV/CLKOUT0  | None       | MMCME2_ADV_X1Y0 | X1Y0         |           1 |               0 |              81.380 | clk_out1_system_sys_audio_clkgen_0 | i_system_wrapper/system_i/sys_audio_clkgen/inst/mmcm_adv_inst/CLKOUT0     | i_system_wrapper/system_i/sys_audio_clkgen/inst/clk_out1_system_sys_audio_clkgen_0 |
| src6      | g5        | PS7/FCLKCLK[1]      | PS7_X0Y0   | PS7_X0Y0        | X0Y2         |           1 |               0 |               5.000 | clk_fpga_1                         | i_system_wrapper/system_i/sys_ps7/inst/PS7_i/FCLKCLK[1]                   | i_system_wrapper/system_i/sys_ps7/inst/FCLK_CLK_unbuffered[1]                      |
| src7      | g6        | MMCME2_ADV/CLKFBOUT | None       | MMCME2_ADV_X0Y0 | X0Y0         |           1 |               0 |              55.000 | mmcm_fb_clk_s                      | i_system_wrapper/system_i/axi_hdmi_clkgen/inst/i_mmcm_drp/i_mmcm/CLKFBOUT | i_system_wrapper/system_i/axi_hdmi_clkgen/inst/i_mmcm_drp/mmcm_fb_clk_s            |
+-----------+-----------+---------------------+------------+-----------------+--------------+-------------+-----------------+---------------------+------------------------------------+---------------------------------------------------------------------------+------------------------------------------------------------------------------------+
* Clock Loads column represents cell count of net connects that connect to a clock pin. Internal cell leaf pins are not considered
** Non-Clock Loads column represents cell count of non-clock pin loads


4. Clock Regions: Key Resource Utilization
------------------------------------------

+-------------------+--------------+--------------+--------------+--------------+--------------+--------------+--------------+--------------+--------------+--------------+--------------+--------------+--------------+--------------+--------------+
|                   | Global Clock |     BUFRs    |    BUFMRs    |    BUFIOs    |     MMCM     |      PLL     |      GT      |      PCI     |    ILOGIC    |    OLOGIC    |      FF      |     LUTM     |    RAMB18    |    RAMB36    |    DSP48E2   |
+-------------------+------+-------+------+-------+------+-------+------+-------+------+-------+------+-------+------+-------+------+-------+------+-------+------+-------+------+-------+------+-------+------+-------+------+-------+------+-------+
| Clock Region Name | Used | Avail | Used | Avail | Used | Avail | Used | Avail | Used | Avail | Used | Avail | Used | Avail | Used | Avail | Used | Avail | Used | Avail | Used | Avail | Used | Avail | Used | Avail | Used | Avail | Used | Avail |
+-------------------+------+-------+------+-------+------+-------+------+-------+------+-------+------+-------+------+-------+------+-------+------+-------+------+-------+------+-------+------+-------+------+-------+------+-------+------+-------+
| X0Y0              |    6 |    12 |    0 |     4 |    0 |     2 |    0 |     4 |    1 |     1 |    0 |     1 |    0 |     0 |    0 |     0 |    0 |    50 |    0 |    50 | 3757 |  2500 | 1789 |  1000 |    0 |    60 |    2 |    30 |   10 |    60 |
| X1Y0              |    4 |    12 |    0 |     4 |    0 |     2 |    0 |     4 |    1 |     1 |    0 |     1 |    0 |     0 |    0 |     0 |    0 |    50 |   20 |    50 | 2599 |  3200 |  770 |   850 |    0 |    60 |    0 |    30 |    8 |    40 |
| X0Y1              |    4 |    12 |    0 |     0 |    0 |     0 |    0 |     0 |    0 |     0 |    0 |     0 |    0 |     0 |    0 |     0 |    0 |     0 |    0 |     0 | 3278 |  1200 | 1341 |   400 |    0 |    20 |    3 |    10 |    6 |    20 |
| X1Y1              |    4 |    12 |    0 |     4 |    0 |     2 |    0 |     4 |    0 |     1 |    0 |     1 |    0 |     0 |    0 |     0 |    7 |    50 |   10 |    50 | 7361 |  2600 | 2665 |   850 |    0 |    60 |    1 |    30 |    5 |    40 |
| X0Y2              |    3 |    12 |    0 |     0 |    0 |     0 |    0 |     0 |    0 |     0 |    0 |     0 |    0 |     0 |    0 |     0 |    0 |     0 |    0 |     0 | 1452 |  1200 |  618 |   400 |    0 |    20 |    0 |    10 |    8 |    20 |
| X1Y2              |    2 |    12 |    2 |     4 |    0 |     2 |    0 |     4 |    0 |     1 |    0 |     1 |    0 |     0 |    0 |     0 |    0 |    50 |    0 |    50 | 2166 |  2600 |  723 |   850 |    0 |    60 |    0 |    30 |    0 |    40 |
+-------------------+------+-------+------+-------+------+-------+------+-------+------+-------+------+-------+------+-------+------+-------+------+-------+------+-------+------+-------+------+-------+------+-------+------+-------+------+-------+
* Global Clock column represents track count; while other columns represents cell counts


5. Clock Regions : Global Clock Summary
---------------------------------------

All Modules
+----+----+----+
|    | X0 | X1 |
+----+----+----+
| Y2 |  3 |  2 |
| Y1 |  4 |  4 |
| Y0 |  6 |  4 |
+----+----+----+


6. Device Cell Placement Summary for Global Clock g0
----------------------------------------------------

+-----------+-----------------+-------------------+------------+-------------+---------------+-------------+----------+----------------+----------+--------------------------------------------------+
| Global Id | Driver Type/Pin | Driver Region (D) | Clock      | Period (ns) | Waveform (ns) | Slice Loads | IO Loads | Clocking Loads | GT Loads | Net                                              |
+-----------+-----------------+-------------------+------------+-------------+---------------+-------------+----------+----------------+----------+--------------------------------------------------+
| g0        | BUFG/O          | n/a               | clk_fpga_0 |      10.000 | {0.000 5.000} |       11344 |        0 |              1 |        0 | i_system_wrapper/system_i/sys_ps7/inst/FCLK_CLK0 |
+-----------+-----------------+-------------------+------------+-------------+---------------+-------------+----------+----------------+----------+--------------------------------------------------+
* Slice Loads column represents load cell count of all cell types other than IO, GT and clock resources
** IO Loads column represents load cell count of IO types
*** Clocking Loads column represents load cell count that are clock resources (global clock buffer, MMCM, PLL, etc)
**** GT Loads column represents load cell count of GT types


+----+-------+-------+-----------------------+
|    | X0    | X1    | HORIZONTAL PROG DELAY |
+----+-------+-------+-----------------------+
| Y2 |   403 |  1342 |                     0 |
| Y1 |  3014 |  3141 |                     0 |
| Y0 |  3259 |   186 |                     0 |
+----+-------+-------+-----------------------+


7. Device Cell Placement Summary for Global Clock g1
----------------------------------------------------

+-----------+-----------------+-------------------+--------+-------------+---------------+-------------+----------+----------------+----------+--------------------------------------------------------------+
| Global Id | Driver Type/Pin | Driver Region (D) | Clock  | Period (ns) | Waveform (ns) | Slice Loads | IO Loads | Clocking Loads | GT Loads | Net                                                          |
+-----------+-----------------+-------------------+--------+-------------+---------------+-------------+----------+----------------+----------+--------------------------------------------------------------+
| g1        | BUFG/O          | n/a               | rx_clk |       4.000 | {0.000 2.000} |        8616 |        0 |              2 |        0 | i_system_wrapper/system_i/axi_ad9361/inst/i_dev_if/i_clk/clk |
+-----------+-----------------+-------------------+--------+-------------+---------------+-------------+----------+----------------+----------+--------------------------------------------------------------+
* Slice Loads column represents load cell count of all cell types other than IO, GT and clock resources
** IO Loads column represents load cell count of IO types
*** Clocking Loads column represents load cell count that are clock resources (global clock buffer, MMCM, PLL, etc)
**** GT Loads column represents load cell count of GT types


+----+-------+-------+-----------------------+
|    | X0    | X1    | HORIZONTAL PROG DELAY |
+----+-------+-------+-----------------------+
| Y2 |  1075 |   827 |                     0 |
| Y1 |   223 |  4089 |                     0 |
| Y0 |     2 |  2402 |                     0 |
+----+-------+-------+-----------------------+


8. Device Cell Placement Summary for Global Clock g2
----------------------------------------------------

+-----------+-----------------+-------------------+--------------+-------------+---------------+-------------+----------+----------------+----------+-----------------------------------------------------------------+
| Global Id | Driver Type/Pin | Driver Region (D) | Clock        | Period (ns) | Waveform (ns) | Slice Loads | IO Loads | Clocking Loads | GT Loads | Net                                                             |
+-----------+-----------------+-------------------+--------------+-------------+---------------+-------------+----------+----------------+----------+-----------------------------------------------------------------+
| g2        | BUFG/O          | n/a               | mmcm_clk_0_s |       6.735 | {0.000 3.367} |         613 |        0 |              0 |        0 | i_system_wrapper/system_i/axi_hdmi_clkgen/inst/i_mmcm_drp/clk_0 |
+-----------+-----------------+-------------------+--------------+-------------+---------------+-------------+----------+----------------+----------+-----------------------------------------------------------------+
* Slice Loads column represents load cell count of all cell types other than IO, GT and clock resources
** IO Loads column represents load cell count of IO types
*** Clocking Loads column represents load cell count that are clock resources (global clock buffer, MMCM, PLL, etc)
**** GT Loads column represents load cell count of GT types


+----+------+-----+-----------------------+
|    | X0   | X1  | HORIZONTAL PROG DELAY |
+----+------+-----+-----------------------+
| Y2 |    0 |   0 |                     - |
| Y1 |    0 |   0 |                     - |
| Y0 |  593 |  20 |                     0 |
+----+------+-----+-----------------------+


9. Device Cell Placement Summary for Global Clock g3
----------------------------------------------------

+-----------+-----------------+-------------------+----------+-------------+---------------+-------------+----------+----------------+----------+-----------------------------------------------------------+
| Global Id | Driver Type/Pin | Driver Region (D) | Clock    | Period (ns) | Waveform (ns) | Slice Loads | IO Loads | Clocking Loads | GT Loads | Net                                                       |
+-----------+-----------------+-------------------+----------+-------------+---------------+-------------+----------+----------------+----------+-----------------------------------------------------------+
| g3        | BUFGCTRL/O      | n/a               | Multiple |       8.000 | {0.000 4.000} |         602 |        0 |              0 |        0 | i_system_wrapper/system_i/util_ad9361_divclk/inst/clk_out |
+-----------+-----------------+-------------------+----------+-------------+---------------+-------------+----------+----------------+----------+-----------------------------------------------------------+
* Slice Loads column represents load cell count of all cell types other than IO, GT and clock resources
** IO Loads column represents load cell count of IO types
*** Clocking Loads column represents load cell count that are clock resources (global clock buffer, MMCM, PLL, etc)
**** GT Loads column represents load cell count of GT types


+----+------+------+-----------------------+
|    | X0   | X1   | HORIZONTAL PROG DELAY |
+----+------+------+-----------------------+
| Y2 |   35 |    0 |                     0 |
| Y1 |  298 |  269 |                     0 |
| Y0 |    0 |    0 |                     - |
+----+------+------+-----------------------+


10. Device Cell Placement Summary for Global Clock g4
-----------------------------------------------------

+-----------+-----------------+-------------------+------------------------------------+-------------+----------------+-------------+----------+----------------+----------+----------------------------------------------------------+
| Global Id | Driver Type/Pin | Driver Region (D) | Clock                              | Period (ns) | Waveform (ns)  | Slice Loads | IO Loads | Clocking Loads | GT Loads | Net                                                      |
+-----------+-----------------+-------------------+------------------------------------+-------------+----------------+-------------+----------+----------------+----------+----------------------------------------------------------+
| g4        | BUFG/O          | n/a               | clk_out1_system_sys_audio_clkgen_0 |      81.380 | {0.000 40.690} |          27 |        1 |              0 |        0 | i_system_wrapper/system_i/sys_audio_clkgen/inst/clk_out1 |
+-----------+-----------------+-------------------+------------------------------------+-------------+----------------+-------------+----------+----------------+----------+----------------------------------------------------------+
* Slice Loads column represents load cell count of all cell types other than IO, GT and clock resources
** IO Loads column represents load cell count of IO types
*** Clocking Loads column represents load cell count that are clock resources (global clock buffer, MMCM, PLL, etc)
**** GT Loads column represents load cell count of GT types


+----+-----+----+-----------------------+
|    | X0  | X1 | HORIZONTAL PROG DELAY |
+----+-----+----+-----------------------+
| Y2 |   0 |  0 |                     - |
| Y1 |   5 |  0 |                     0 |
| Y0 |  23 |  0 |                     0 |
+----+-----+----+-----------------------+


11. Device Cell Placement Summary for Global Clock g5
-----------------------------------------------------

+-----------+-----------------+-------------------+------------+-------------+---------------+-------------+----------+----------------+----------+--------------------------------------------------+
| Global Id | Driver Type/Pin | Driver Region (D) | Clock      | Period (ns) | Waveform (ns) | Slice Loads | IO Loads | Clocking Loads | GT Loads | Net                                              |
+-----------+-----------------+-------------------+------------+-------------+---------------+-------------+----------+----------------+----------+--------------------------------------------------+
| g5        | BUFG/O          | n/a               | clk_fpga_1 |       5.000 | {0.000 2.500} |           6 |        0 |              2 |        0 | i_system_wrapper/system_i/sys_ps7/inst/FCLK_CLK1 |
+-----------+-----------------+-------------------+------------+-------------+---------------+-------------+----------+----------------+----------+--------------------------------------------------+
* Slice Loads column represents load cell count of all cell types other than IO, GT and clock resources
** IO Loads column represents load cell count of IO types
*** Clocking Loads column represents load cell count that are clock resources (global clock buffer, MMCM, PLL, etc)
**** GT Loads column represents load cell count of GT types


+----+----+----+-----------------------+
|    | X0 | X1 | HORIZONTAL PROG DELAY |
+----+----+----+-----------------------+
| Y2 |  0 |  0 |                     - |
| Y1 |  0 |  6 |                     0 |
| Y0 |  1 |  1 |                     0 |
+----+----+----+-----------------------+


12. Device Cell Placement Summary for Global Clock g6
-----------------------------------------------------

+-----------+-----------------+-------------------+---------------+-------------+----------------+-------------+----------+----------------+----------+-------------------------------------------------------------------------+
| Global Id | Driver Type/Pin | Driver Region (D) | Clock         | Period (ns) | Waveform (ns)  | Slice Loads | IO Loads | Clocking Loads | GT Loads | Net                                                                     |
+-----------+-----------------+-------------------+---------------+-------------+----------------+-------------+----------+----------------+----------+-------------------------------------------------------------------------+
| g6        | BUFG/O          | n/a               | mmcm_fb_clk_s |      55.000 | {0.000 27.500} |           0 |        0 |              1 |        0 | i_system_wrapper/system_i/axi_hdmi_clkgen/inst/i_mmcm_drp/bufg_fb_clk_s |
+-----------+-----------------+-------------------+---------------+-------------+----------------+-------------+----------+----------------+----------+-------------------------------------------------------------------------+
* Slice Loads column represents load cell count of all cell types other than IO, GT and clock resources
** IO Loads column represents load cell count of IO types
*** Clocking Loads column represents load cell count that are clock resources (global clock buffer, MMCM, PLL, etc)
**** GT Loads column represents load cell count of GT types


+----+----+----+-----------------------+
|    | X0 | X1 | HORIZONTAL PROG DELAY |
+----+----+----+-----------------------+
| Y2 |  0 |  0 |                     - |
| Y1 |  0 |  0 |                     - |
| Y0 |  1 |  0 |                     0 |
+----+----+----+-----------------------+


13. Device Cell Placement Summary for Global Clock g7
-----------------------------------------------------

+-----------+-----------------+-------------------+-----------------+-------------+---------------+-------------+----------+----------------+----------+-------------------------------------------------------------------+
| Global Id | Driver Type/Pin | Driver Region (D) | Clock           | Period (ns) | Waveform (ns) | Slice Loads | IO Loads | Clocking Loads | GT Loads | Net                                                               |
+-----------+-----------------+-------------------+-----------------+-------------+---------------+-------------+----------+----------------+----------+-------------------------------------------------------------------+
| g7        | BUFR/O          | X1Y2              | clk_div_sel_0_s |      16.000 | {0.000 8.000} |           0 |        0 |              1 |        0 | i_system_wrapper/system_i/util_ad9361_divclk/inst/clk_div_sel_0_s |
+-----------+-----------------+-------------------+-----------------+-------------+---------------+-------------+----------+----------------+----------+-------------------------------------------------------------------+
* Slice Loads column represents load cell count of all cell types other than IO, GT and clock resources
** IO Loads column represents load cell count of IO types
*** Clocking Loads column represents load cell count that are clock resources (global clock buffer, MMCM, PLL, etc)
**** GT Loads column represents load cell count of GT types


+----+----+--------+-----------------------+
|    | X0 | X1     | HORIZONTAL PROG DELAY |
+----+----+--------+-----------------------+
| Y2 |  0 |  (D) 0 |                     - |
| Y1 |  0 |      0 |                     - |
| Y0 |  0 |      0 |                     - |
+----+----+--------+-----------------------+


14. Device Cell Placement Summary for Global Clock g8
-----------------------------------------------------

+-----------+-----------------+-------------------+-----------------+-------------+---------------+-------------+----------+----------------+----------+-------------------------------------------------------------------+
| Global Id | Driver Type/Pin | Driver Region (D) | Clock           | Period (ns) | Waveform (ns) | Slice Loads | IO Loads | Clocking Loads | GT Loads | Net                                                               |
+-----------+-----------------+-------------------+-----------------+-------------+---------------+-------------+----------+----------------+----------+-------------------------------------------------------------------+
| g8        | BUFR/O          | X1Y2              | clk_div_sel_1_s |       8.000 | {0.000 4.000} |           0 |        0 |              1 |        0 | i_system_wrapper/system_i/util_ad9361_divclk/inst/clk_div_sel_1_s |
+-----------+-----------------+-------------------+-----------------+-------------+---------------+-------------+----------+----------------+----------+-------------------------------------------------------------------+
* Slice Loads column represents load cell count of all cell types other than IO, GT and clock resources
** IO Loads column represents load cell count of IO types
*** Clocking Loads column represents load cell count that are clock resources (global clock buffer, MMCM, PLL, etc)
**** GT Loads column represents load cell count of GT types


+----+----+--------+-----------------------+
|    | X0 | X1     | HORIZONTAL PROG DELAY |
+----+----+--------+-----------------------+
| Y2 |  0 |  (D) 0 |                     - |
| Y1 |  0 |      0 |                     - |
| Y0 |  0 |      0 |                     - |
+----+----+--------+-----------------------+


15. Clock Region Cell Placement per Global Clock: Region X0Y0
-------------------------------------------------------------

+-----------+-------+-----------------+------------+-------------+-----------------+------+-------------+------+-----+----+------+-----+---------+-------------------------------------------------------------------------+
| Global Id | Track | Driver Type/Pin | Constraint | Clock Loads | Non-Clock Loads | FF   | Memory LUTs | RAMB | DSP | GT | MMCM | PLL | Hard IP | Net                                                                     |
+-----------+-------+-----------------+------------+-------------+-----------------+------+-------------+------+-----+----+------+-----+---------+-------------------------------------------------------------------------+
| g0        | n/a   | BUFG/O          | None       |        3259 |               0 | 3158 |          98 |    2 |   0 |  0 |    1 |   0 |       0 | i_system_wrapper/system_i/sys_ps7/inst/FCLK_CLK0                        |
| g1        | n/a   | BUFG/O          | None       |           2 |               0 |    1 |           0 |    0 |   1 |  0 |    0 |   0 |       0 | i_system_wrapper/system_i/axi_ad9361/inst/i_dev_if/i_clk/clk            |
| g2        | n/a   | BUFG/O          | None       |         593 |               0 |  576 |           7 |    1 |   9 |  0 |    0 |   0 |       0 | i_system_wrapper/system_i/axi_hdmi_clkgen/inst/i_mmcm_drp/clk_0         |
| g4        | n/a   | BUFG/O          | None       |          22 |               1 |   22 |           0 |    0 |   0 |  0 |    0 |   0 |       0 | i_system_wrapper/system_i/sys_audio_clkgen/inst/clk_out1                |
| g5        | n/a   | BUFG/O          | None       |           1 |               0 |    0 |           0 |    0 |   0 |  0 |    1 |   0 |       0 | i_system_wrapper/system_i/sys_ps7/inst/FCLK_CLK1                        |
| g6        | n/a   | BUFG/O          | None       |           1 |               0 |    0 |           0 |    0 |   0 |  0 |    1 |   0 |       0 | i_system_wrapper/system_i/axi_hdmi_clkgen/inst/i_mmcm_drp/bufg_fb_clk_s |
+-----------+-------+-----------------+------------+-------------+-----------------+------+-------------+------+-----+----+------+-----+---------+-------------------------------------------------------------------------+
* Clock Loads column represents cell count of net connects that connect to a clock pin. Internal cell leaf pins are not considered
** Non-Clock Loads column represents cell count of non-clock pin loads
*** Columns FF, LUTRAM, RAMB through 'Hard IP' represents load cell counts


16. Clock Region Cell Placement per Global Clock: Region X1Y0
-------------------------------------------------------------

+-----------+-------+-----------------+------------+-------------+-----------------+------+-------------+------+-----+----+------+-----+---------+-----------------------------------------------------------------+
| Global Id | Track | Driver Type/Pin | Constraint | Clock Loads | Non-Clock Loads | FF   | Memory LUTs | RAMB | DSP | GT | MMCM | PLL | Hard IP | Net                                                             |
+-----------+-------+-----------------+------------+-------------+-----------------+------+-------------+------+-----+----+------+-----+---------+-----------------------------------------------------------------+
| g0        | n/a   | BUFG/O          | None       |         186 |               0 |  186 |           0 |    0 |   0 |  0 |    0 |   0 |       0 | i_system_wrapper/system_i/sys_ps7/inst/FCLK_CLK0                |
| g1        | n/a   | BUFG/O          | None       |        2402 |               0 | 2394 |           0 |    0 |   8 |  0 |    0 |   0 |       0 | i_system_wrapper/system_i/axi_ad9361/inst/i_dev_if/i_clk/clk    |
| g2        | n/a   | BUFG/O          | None       |          20 |               0 |   19 |           0 |    0 |   0 |  0 |    0 |   0 |       0 | i_system_wrapper/system_i/axi_hdmi_clkgen/inst/i_mmcm_drp/clk_0 |
| g5        | n/a   | BUFG/O          | None       |           1 |               0 |    0 |           0 |    0 |   0 |  0 |    1 |   0 |       0 | i_system_wrapper/system_i/sys_ps7/inst/FCLK_CLK1                |
+-----------+-------+-----------------+------------+-------------+-----------------+------+-------------+------+-----+----+------+-----+---------+-----------------------------------------------------------------+
* Clock Loads column represents cell count of net connects that connect to a clock pin. Internal cell leaf pins are not considered
** Non-Clock Loads column represents cell count of non-clock pin loads
*** Columns FF, LUTRAM, RAMB through 'Hard IP' represents load cell counts


17. Clock Region Cell Placement per Global Clock: Region X0Y1
-------------------------------------------------------------

+-----------+-------+-----------------+------------+-------------+-----------------+------+-------------+------+-----+----+------+-----+---------+--------------------------------------------------------------+
| Global Id | Track | Driver Type/Pin | Constraint | Clock Loads | Non-Clock Loads | FF   | Memory LUTs | RAMB | DSP | GT | MMCM | PLL | Hard IP | Net                                                          |
+-----------+-------+-----------------+------------+-------------+-----------------+------+-------------+------+-----+----+------+-----+---------+--------------------------------------------------------------+
| g0        | n/a   | BUFG/O          | None       |        3014 |               0 | 2794 |         218 |    2 |   0 |  0 |    0 |   0 |       0 | i_system_wrapper/system_i/sys_ps7/inst/FCLK_CLK0             |
| g1        | n/a   | BUFG/O          | None       |         223 |               0 |  184 |          32 |    1 |   6 |  0 |    0 |   0 |       0 | i_system_wrapper/system_i/axi_ad9361/inst/i_dev_if/i_clk/clk |
| g3        | n/a   | BUFGCTRL/O      | None       |         298 |               0 |  295 |           0 |    3 |   0 |  0 |    0 |   0 |       0 | i_system_wrapper/system_i/util_ad9361_divclk/inst/clk_out    |
| g4        | n/a   | BUFG/O          | None       |           5 |               0 |    5 |           0 |    0 |   0 |  0 |    0 |   0 |       0 | i_system_wrapper/system_i/sys_audio_clkgen/inst/clk_out1     |
+-----------+-------+-----------------+------------+-------------+-----------------+------+-------------+------+-----+----+------+-----+---------+--------------------------------------------------------------+
* Clock Loads column represents cell count of net connects that connect to a clock pin. Internal cell leaf pins are not considered
** Non-Clock Loads column represents cell count of non-clock pin loads
*** Columns FF, LUTRAM, RAMB through 'Hard IP' represents load cell counts


18. Clock Region Cell Placement per Global Clock: Region X1Y1
-------------------------------------------------------------

+-----------+-------+-----------------+------------+-------------+-----------------+------+-------------+------+-----+----+------+-----+---------+--------------------------------------------------------------+
| Global Id | Track | Driver Type/Pin | Constraint | Clock Loads | Non-Clock Loads | FF   | Memory LUTs | RAMB | DSP | GT | MMCM | PLL | Hard IP | Net                                                          |
+-----------+-------+-----------------+------------+-------------+-----------------+------+-------------+------+-----+----+------+-----+---------+--------------------------------------------------------------+
| g0        | n/a   | BUFG/O          | None       |        3141 |               0 | 3115 |          19 |    0 |   0 |  0 |    0 |   0 |       0 | i_system_wrapper/system_i/sys_ps7/inst/FCLK_CLK0             |
| g1        | n/a   | BUFG/O          | None       |        4089 |               0 | 3973 |          93 |    1 |   5 |  0 |    0 |   0 |       0 | i_system_wrapper/system_i/axi_ad9361/inst/i_dev_if/i_clk/clk |
| g3        | n/a   | BUFGCTRL/O      | None       |         269 |               0 |  268 |           0 |    1 |   0 |  0 |    0 |   0 |       0 | i_system_wrapper/system_i/util_ad9361_divclk/inst/clk_out    |
| g5        | n/a   | BUFG/O          | None       |           6 |               0 |    5 |           0 |    0 |   0 |  0 |    0 |   0 |       0 | i_system_wrapper/system_i/sys_ps7/inst/FCLK_CLK1             |
+-----------+-------+-----------------+------------+-------------+-----------------+------+-------------+------+-----+----+------+-----+---------+--------------------------------------------------------------+
* Clock Loads column represents cell count of net connects that connect to a clock pin. Internal cell leaf pins are not considered
** Non-Clock Loads column represents cell count of non-clock pin loads
*** Columns FF, LUTRAM, RAMB through 'Hard IP' represents load cell counts


19. Clock Region Cell Placement per Global Clock: Region X0Y2
-------------------------------------------------------------

+-----------+-------+-----------------+------------+-------------+-----------------+------+-------------+------+-----+----+------+-----+---------+--------------------------------------------------------------+
| Global Id | Track | Driver Type/Pin | Constraint | Clock Loads | Non-Clock Loads | FF   | Memory LUTs | RAMB | DSP | GT | MMCM | PLL | Hard IP | Net                                                          |
+-----------+-------+-----------------+------------+-------------+-----------------+------+-------------+------+-----+----+------+-----+---------+--------------------------------------------------------------+
| g0        | n/a   | BUFG/O          | None       |         403 |               0 |  383 |          19 |    0 |   0 |  0 |    0 |   0 |       0 | i_system_wrapper/system_i/sys_ps7/inst/FCLK_CLK0             |
| g1        | n/a   | BUFG/O          | None       |        1075 |               0 | 1035 |          32 |    0 |   8 |  0 |    0 |   0 |       0 | i_system_wrapper/system_i/axi_ad9361/inst/i_dev_if/i_clk/clk |
| g3        | n/a   | BUFGCTRL/O      | None       |          35 |               0 |   34 |           1 |    0 |   0 |  0 |    0 |   0 |       0 | i_system_wrapper/system_i/util_ad9361_divclk/inst/clk_out    |
+-----------+-------+-----------------+------------+-------------+-----------------+------+-------------+------+-----+----+------+-----+---------+--------------------------------------------------------------+
* Clock Loads column represents cell count of net connects that connect to a clock pin. Internal cell leaf pins are not considered
** Non-Clock Loads column represents cell count of non-clock pin loads
*** Columns FF, LUTRAM, RAMB through 'Hard IP' represents load cell counts


20. Clock Region Cell Placement per Global Clock: Region X1Y2
-------------------------------------------------------------

+-----------+-------+-----------------+------------+-------------+-----------------+------+-------------+------+-----+----+------+-----+---------+--------------------------------------------------------------+
| Global Id | Track | Driver Type/Pin | Constraint | Clock Loads | Non-Clock Loads | FF   | Memory LUTs | RAMB | DSP | GT | MMCM | PLL | Hard IP | Net                                                          |
+-----------+-------+-----------------+------------+-------------+-----------------+------+-------------+------+-----+----+------+-----+---------+--------------------------------------------------------------+
| g0        | n/a   | BUFG/O          | None       |        1342 |               0 | 1342 |           0 |    0 |   0 |  0 |    0 |   0 |       0 | i_system_wrapper/system_i/sys_ps7/inst/FCLK_CLK0             |
| g1        | n/a   | BUFG/O          | None       |         825 |               2 |  824 |           1 |    0 |   0 |  0 |    0 |   0 |       0 | i_system_wrapper/system_i/axi_ad9361/inst/i_dev_if/i_clk/clk |
+-----------+-------+-----------------+------------+-------------+-----------------+------+-------------+------+-----+----+------+-----+---------+--------------------------------------------------------------+
* Clock Loads column represents cell count of net connects that connect to a clock pin. Internal cell leaf pins are not considered
** Non-Clock Loads column represents cell count of non-clock pin loads
*** Columns FF, LUTRAM, RAMB through 'Hard IP' represents load cell counts



# Location of BUFG Primitives 
set_property LOC BUFGCTRL_X0Y19 [get_cells i_system_wrapper/system_i/util_ad9361_divclk/inst/i_div_clk_gbuf]
set_property LOC BUFGCTRL_X0Y18 [get_cells i_system_wrapper/system_i/sys_ps7/inst/buffer_fclk_clk_1.FCLK_CLK_1_BUFG]
set_property LOC BUFGCTRL_X0Y16 [get_cells i_system_wrapper/system_i/sys_ps7/inst/buffer_fclk_clk_0.FCLK_CLK_0_BUFG]
set_property LOC BUFGCTRL_X0Y1 [get_cells i_system_wrapper/system_i/sys_audio_clkgen/inst/clkout1_buf]
set_property LOC BUFGCTRL_X0Y0 [get_cells i_system_wrapper/system_i/axi_hdmi_clkgen/inst/i_mmcm_drp/i_clk_0_bufg]
set_property LOC BUFGCTRL_X0Y2 [get_cells i_system_wrapper/system_i/axi_hdmi_clkgen/inst/i_mmcm_drp/i_fb_clk_bufg]
set_property LOC BUFGCTRL_X0Y17 [get_cells i_system_wrapper/system_i/axi_ad9361/inst/i_dev_if/i_clk/i_clk_gbuf]

# Location of BUFR Primitives 
set_property LOC BUFR_X1Y8 [get_cells i_system_wrapper/system_i/util_ad9361_divclk/inst/clk_divide_sel_1]
set_property LOC BUFR_X1Y9 [get_cells i_system_wrapper/system_i/util_ad9361_divclk/inst/clk_divide_sel_0]

# Location of IO Primitives which is load of clock spine
set_property LOC IOB_X0Y20 [get_cells i2s_mclk_OBUF_inst]

# Location of clock ports
set_property LOC IOB_X1Y73 [get_ports rx_clk_in_n]
set_property LOC IOB_X1Y74 [get_ports rx_clk_in_p]

# Clock net "i_system_wrapper/system_i/util_ad9361_divclk/inst/clk_out" driven by instance "i_system_wrapper/system_i/util_ad9361_divclk/inst/i_div_clk_gbuf" located at site "BUFGCTRL_X0Y19"
#startgroup
create_pblock {CLKAG_i_system_wrapper/system_i/util_ad9361_divclk/inst/clk_out}
add_cells_to_pblock [get_pblocks  {CLKAG_i_system_wrapper/system_i/util_ad9361_divclk/inst/clk_out}] [get_cells -filter { PRIMITIVE_GROUP != I/O && IS_PRIMITIVE==1 && PRIMITIVE_LEVEL !=INTERNAL } -of_object [get_pins -filter {DIRECTION==IN} -of_objects [get_nets -hierarchical -filter {PARENT=="i_system_wrapper/system_i/util_ad9361_divclk/inst/clk_out"}]]]
resize_pblock [get_pblocks {CLKAG_i_system_wrapper/system_i/util_ad9361_divclk/inst/clk_out}] -add {CLOCKREGION_X0Y1:CLOCKREGION_X0Y1 CLOCKREGION_X0Y2:CLOCKREGION_X0Y2 CLOCKREGION_X1Y1:CLOCKREGION_X1Y1}
#endgroup

# Clock net "i_system_wrapper/system_i/sys_ps7/inst/FCLK_CLK1" driven by instance "i_system_wrapper/system_i/sys_ps7/inst/buffer_fclk_clk_1.FCLK_CLK_1_BUFG" located at site "BUFGCTRL_X0Y18"
#startgroup
create_pblock {CLKAG_i_system_wrapper/system_i/sys_ps7/inst/FCLK_CLK1}
add_cells_to_pblock [get_pblocks  {CLKAG_i_system_wrapper/system_i/sys_ps7/inst/FCLK_CLK1}] [get_cells -filter { PRIMITIVE_GROUP != I/O && IS_PRIMITIVE==1 && PRIMITIVE_LEVEL !=INTERNAL && NAME!=i_system_wrapper/system_i/sys_audio_clkgen/inst/mmcm_adv_inst && NAME!=i_system_wrapper/system_i/axi_hdmi_clkgen/inst/i_mmcm_drp/i_mmcm} -of_object [get_pins -filter {DIRECTION==IN} -of_objects [get_nets -hierarchical -filter {PARENT=="i_system_wrapper/system_i/sys_ps7/inst/FCLK_CLK1"}]]]
resize_pblock [get_pblocks {CLKAG_i_system_wrapper/system_i/sys_ps7/inst/FCLK_CLK1}] -add {CLOCKREGION_X1Y1:CLOCKREGION_X1Y1}
#endgroup

# Clock net "i_system_wrapper/system_i/sys_ps7/inst/FCLK_CLK0" driven by instance "i_system_wrapper/system_i/sys_ps7/inst/buffer_fclk_clk_0.FCLK_CLK_0_BUFG" located at site "BUFGCTRL_X0Y16"
#startgroup
create_pblock {CLKAG_i_system_wrapper/system_i/sys_ps7/inst/FCLK_CLK0}
add_cells_to_pblock [get_pblocks  {CLKAG_i_system_wrapper/system_i/sys_ps7/inst/FCLK_CLK0}] [get_cells -filter { PRIMITIVE_GROUP != I/O && IS_PRIMITIVE==1 && PRIMITIVE_LEVEL !=INTERNAL && NAME!=i_system_wrapper/system_i/axi_hdmi_clkgen/inst/i_mmcm_drp/i_mmcm} -of_object [get_pins -filter {DIRECTION==IN} -of_objects [get_nets -hierarchical -filter {PARENT=="i_system_wrapper/system_i/sys_ps7/inst/FCLK_CLK0"}]]]
resize_pblock [get_pblocks {CLKAG_i_system_wrapper/system_i/sys_ps7/inst/FCLK_CLK0}] -add {CLOCKREGION_X0Y0:CLOCKREGION_X0Y0 CLOCKREGION_X0Y1:CLOCKREGION_X0Y1 CLOCKREGION_X0Y2:CLOCKREGION_X0Y2 CLOCKREGION_X1Y0:CLOCKREGION_X1Y0 CLOCKREGION_X1Y1:CLOCKREGION_X1Y1 CLOCKREGION_X1Y2:CLOCKREGION_X1Y2}
#endgroup

# Clock net "i_system_wrapper/system_i/sys_audio_clkgen/inst/clk_out1" driven by instance "i_system_wrapper/system_i/sys_audio_clkgen/inst/clkout1_buf" located at site "BUFGCTRL_X0Y1"
#startgroup
create_pblock {CLKAG_i_system_wrapper/system_i/sys_audio_clkgen/inst/clk_out1}
add_cells_to_pblock [get_pblocks  {CLKAG_i_system_wrapper/system_i/sys_audio_clkgen/inst/clk_out1}] [get_cells -filter { PRIMITIVE_GROUP != I/O && IS_PRIMITIVE==1 && PRIMITIVE_LEVEL !=INTERNAL && NAME!=i2s_mclk_OBUF_inst} -of_object [get_pins -filter {DIRECTION==IN} -of_objects [get_nets -hierarchical -filter {PARENT=="i_system_wrapper/system_i/sys_audio_clkgen/inst/clk_out1"}]]]
resize_pblock [get_pblocks {CLKAG_i_system_wrapper/system_i/sys_audio_clkgen/inst/clk_out1}] -add {CLOCKREGION_X0Y0:CLOCKREGION_X0Y0 CLOCKREGION_X0Y1:CLOCKREGION_X0Y1}
#endgroup

# Clock net "i_system_wrapper/system_i/axi_hdmi_clkgen/inst/i_mmcm_drp/clk_0" driven by instance "i_system_wrapper/system_i/axi_hdmi_clkgen/inst/i_mmcm_drp/i_clk_0_bufg" located at site "BUFGCTRL_X0Y0"
#startgroup
create_pblock {CLKAG_i_system_wrapper/system_i/axi_hdmi_clkgen/inst/i_mmcm_drp/clk_0}
add_cells_to_pblock [get_pblocks  {CLKAG_i_system_wrapper/system_i/axi_hdmi_clkgen/inst/i_mmcm_drp/clk_0}] [get_cells -filter { PRIMITIVE_GROUP != I/O && IS_PRIMITIVE==1 && PRIMITIVE_LEVEL !=INTERNAL } -of_object [get_pins -filter {DIRECTION==IN} -of_objects [get_nets -hierarchical -filter {PARENT=="i_system_wrapper/system_i/axi_hdmi_clkgen/inst/i_mmcm_drp/clk_0"}]]]
resize_pblock [get_pblocks {CLKAG_i_system_wrapper/system_i/axi_hdmi_clkgen/inst/i_mmcm_drp/clk_0}] -add {CLOCKREGION_X0Y0:CLOCKREGION_X0Y0 CLOCKREGION_X1Y0:CLOCKREGION_X1Y0}
#endgroup

# Clock net "i_system_wrapper/system_i/axi_ad9361/inst/i_dev_if/i_clk/clk" driven by instance "i_system_wrapper/system_i/axi_ad9361/inst/i_dev_if/i_clk/i_clk_gbuf" located at site "BUFGCTRL_X0Y17"
#startgroup
create_pblock {CLKAG_i_system_wrapper/system_i/axi_ad9361/inst/i_dev_if/i_clk/clk}
add_cells_to_pblock [get_pblocks  {CLKAG_i_system_wrapper/system_i/axi_ad9361/inst/i_dev_if/i_clk/clk}] [get_cells -filter { PRIMITIVE_GROUP != I/O && IS_PRIMITIVE==1 && PRIMITIVE_LEVEL !=INTERNAL && NAME!=i_system_wrapper/system_i/util_ad9361_divclk/inst/clk_divide_sel_1 && NAME!=i_system_wrapper/system_i/util_ad9361_divclk/inst/clk_divide_sel_0} -of_object [get_pins -filter {DIRECTION==IN} -of_objects [get_nets -hierarchical -filter {PARENT=="i_system_wrapper/system_i/axi_ad9361/inst/i_dev_if/i_clk/clk"}]]]
resize_pblock [get_pblocks {CLKAG_i_system_wrapper/system_i/axi_ad9361/inst/i_dev_if/i_clk/clk}] -add {CLOCKREGION_X0Y0:CLOCKREGION_X0Y0 CLOCKREGION_X0Y1:CLOCKREGION_X0Y1 CLOCKREGION_X0Y2:CLOCKREGION_X0Y2 CLOCKREGION_X1Y0:CLOCKREGION_X1Y0 CLOCKREGION_X1Y1:CLOCKREGION_X1Y1 CLOCKREGION_X1Y2:CLOCKREGION_X1Y2}
#endgroup
